#
# There is insufficient memory for the Java Runtime Environment to continue.
# Native memory allocation (malloc) failed to allocate 32744 bytes for Chunk::new
# Possible reasons:
#   The system is out of physical RAM or swap space
#   The process is running with CompressedOops enabled, and the Java Heap may be blocking the growth of the native heap
# Possible solutions:
#   Reduce memory load on the system
#   Increase physical memory or swap space
#   Check if swap backing store is full
#   Decrease Java heap size (-Xmx/-Xms)
#   Decrease number of Java threads
#   Decrease Java thread stack sizes (-Xss)
#   Set larger code cache with -XX:ReservedCodeCacheSize=
#   JVM is running with Unscaled Compressed Oops mode in which the Java heap is
#     placed in the first 4GB address space. The Java Heap base address is the
#     maximum limit for the native heap growth. Please use -XX:HeapBaseMinAddress
#     to set the Java Heap base and to place the Java Heap above 4GB virtual address.
# This output file may be truncated or incomplete.
#
#  Out of Memory Error (arena.cpp:168), pid=240, tid=14432
#
# JRE version: Java(TM) SE Runtime Environment (21.0.5+9) (build 21.0.5+9-LTS-239)
# Java VM: Java HotSpot(TM) 64-Bit Server VM (21.0.5+9-LTS-239, mixed mode, sharing, tiered, compressed oops, compressed class ptrs, g1 gc, windows-amd64)
# No core dump will be written. Minidumps are not enabled by default on client versions of Windows
#

---------------  S U M M A R Y ------------

Command Line: -Xmx64m -Xms64m -Dorg.gradle.appname=gradlew org.gradle.wrapper.GradleWrapperMain bootRun

Host: AMD Ryzen 3 3200G with Radeon Vega Graphics    , 4 cores, 7G,  Windows 10 , 64 bit Build 19041 (10.0.19041.1202)
Time: Sat Nov 23 00:07:28 2024 Hora est. Pacífico, Sudamérica elapsed time: 411.459884 seconds (0d 0h 6m 51s)

---------------  T H R E A D  ---------------

Current thread (0x00000282ff221650):  JavaThread "C2 CompilerThread0" daemon [_thread_in_native, id=14432, stack(0x000000ee83100000,0x000000ee83200000) (1024K)]


Current CompileTask:
C2: 411459 2419       4       org.gradle.internal.logging.console.BuildStatusRenderer::onOutput (350 bytes)

Stack: [0x000000ee83100000,0x000000ee83200000]
Native frames: (J=compiled Java code, j=interpreted, Vv=VM code, C=native code)
V  [jvm.dll+0x6ca289]
V  [jvm.dll+0x854a51]
V  [jvm.dll+0x856f7e]
V  [jvm.dll+0x857653]
V  [jvm.dll+0x27dd26]
V  [jvm.dll+0xc4c2d]
V  [jvm.dll+0xc5163]
V  [jvm.dll+0xc4d55]
V  [jvm.dll+0x6a71e7]
V  [jvm.dll+0x6a5b98]
V  [jvm.dll+0x66947b]
V  [jvm.dll+0x6de9d0]
V  [jvm.dll+0x6e4005]
V  [jvm.dll+0x6dc6f5]
V  [jvm.dll+0x6dbbbe]
V  [jvm.dll+0x6d9ddc]
V  [jvm.dll+0x1c9dcc]
V  [jvm.dll+0x1ca94c]
V  [jvm.dll+0x2efedf]
V  [jvm.dll+0x6e44c8]
V  [jvm.dll+0x6dc6f5]
V  [jvm.dll+0x6dbbbe]
V  [jvm.dll+0x6d9ddc]
V  [jvm.dll+0x1c9dcc]
V  [jvm.dll+0x1ca94c]
V  [jvm.dll+0x2efedf]
V  [jvm.dll+0x6e44c8]
V  [jvm.dll+0x6dc6f5]
V  [jvm.dll+0x6dbbbe]
V  [jvm.dll+0x6d9ddc]
V  [jvm.dll+0x1c9dcc]
V  [jvm.dll+0x1ca94c]
V  [jvm.dll+0x2efedf]
V  [jvm.dll+0x6e44c8]
V  [jvm.dll+0x6dc6f5]
V  [jvm.dll+0x6dbbbe]
V  [jvm.dll+0x6d9ddc]
V  [jvm.dll+0x1c9dcc]
V  [jvm.dll+0x1ca94c]
V  [jvm.dll+0x2efedf]
V  [jvm.dll+0x6e44c8]
V  [jvm.dll+0x6dc6f5]
V  [jvm.dll+0x6dbbbe]
V  [jvm.dll+0x6d9ddc]
V  [jvm.dll+0x1c9dcc]
V  [jvm.dll+0x1ca94c]
V  [jvm.dll+0x2efedf]
V  [jvm.dll+0x6e44c8]
V  [jvm.dll+0x6dc6f5]
V  [jvm.dll+0x6dbbbe]
V  [jvm.dll+0x6d9ddc]
V  [jvm.dll+0x1c9dcc]
V  [jvm.dll+0x1ca94c]
V  [jvm.dll+0x1ca94c]
V  [jvm.dll+0x2efedf]
V  [jvm.dll+0x6e44c8]
V  [jvm.dll+0x6dc6f5]
V  [jvm.dll+0x6dbbbe]
V  [jvm.dll+0x6d9ddc]
V  [jvm.dll+0x1c9dcc]
V  [jvm.dll+0x2efedf]
V  [jvm.dll+0x6e44c8]
V  [jvm.dll+0x6dc6f5]
V  [jvm.dll+0x6dbbbe]
V  [jvm.dll+0x6d9ddc]
V  [jvm.dll+0x1c9dcc]
V  [jvm.dll+0x1ca94c]
V  [jvm.dll+0x1ca94c]
V  [jvm.dll+0x2efedf]
V  [jvm.dll+0x6e44c8]
V  [jvm.dll+0x6dc6f5]
V  [jvm.dll+0x6dbbbe]
V  [jvm.dll+0x6d9ddc]
V  [jvm.dll+0x1c9dcc]
V  [jvm.dll+0x2efedf]
V  [jvm.dll+0x6e44c8]
V  [jvm.dll+0x6dc6f5]
V  [jvm.dll+0x6dbbbe]
V  [jvm.dll+0x6d9ddc]
V  [jvm.dll+0x1c9dcc]
V  [jvm.dll+0x1ca94c]
V  [jvm.dll+0x1ca94c]
V  [jvm.dll+0x2efedf]
V  [jvm.dll+0x6e44c8]
V  [jvm.dll+0x6dc6f5]
V  [jvm.dll+0x6dbbbe]
V  [jvm.dll+0x6d9ddc]
V  [jvm.dll+0x1c9dcc]
V  [jvm.dll+0x2efedf]
V  [jvm.dll+0x6e44c8]
V  [jvm.dll+0x6dc6f5]
V  [jvm.dll+0x6dbbbe]
V  [jvm.dll+0x6d9ddc]
V  [jvm.dll+0x1c9dcc]
V  [jvm.dll+0x245a5e]
V  [jvm.dll+0x1c6d0e]
V  [jvm.dll+0x2554d9]
V  [jvm.dll+0x253a6a]
V  [jvm.dll+0x3ee136]
...<more frames>...


---------------  P R O C E S S  ---------------

Threads class SMR info:
_java_thread_list=0x00000282d6c31830, length=12, elements={
0x00000282f47a7d90, 0x00000282ff211450, 0x00000282ff212360, 0x00000282ff2153b0,
0x00000282ff217f10, 0x00000282ff218960, 0x00000282ff2193b0, 0x00000282ff221650,
0x00000282ff24a100, 0x00000282ff4ed4e0, 0x00000282ff4f1b50, 0x00000282d689b980
}

Java Threads: ( => current thread )
  0x00000282f47a7d90 JavaThread "main"                              [_thread_in_native, id=1828, stack(0x000000ee82300000,0x000000ee82400000) (1024K)]
  0x00000282ff211450 JavaThread "Reference Handler"          daemon [_thread_blocked, id=2100, stack(0x000000ee82b00000,0x000000ee82c00000) (1024K)]
  0x00000282ff212360 JavaThread "Finalizer"                  daemon [_thread_blocked, id=15124, stack(0x000000ee82c00000,0x000000ee82d00000) (1024K)]
  0x00000282ff2153b0 JavaThread "Signal Dispatcher"          daemon [_thread_blocked, id=708, stack(0x000000ee82d00000,0x000000ee82e00000) (1024K)]
  0x00000282ff217f10 JavaThread "Attach Listener"            daemon [_thread_blocked, id=9584, stack(0x000000ee82e00000,0x000000ee82f00000) (1024K)]
  0x00000282ff218960 JavaThread "Service Thread"             daemon [_thread_blocked, id=13560, stack(0x000000ee82f00000,0x000000ee83000000) (1024K)]
  0x00000282ff2193b0 JavaThread "Monitor Deflation Thread"   daemon [_thread_blocked, id=2000, stack(0x000000ee83000000,0x000000ee83100000) (1024K)]
=>0x00000282ff221650 JavaThread "C2 CompilerThread0"         daemon [_thread_in_native, id=14432, stack(0x000000ee83100000,0x000000ee83200000) (1024K)]
  0x00000282ff24a100 JavaThread "C1 CompilerThread0"         daemon [_thread_blocked, id=12980, stack(0x000000ee83200000,0x000000ee83300000) (1024K)]
  0x00000282ff4ed4e0 JavaThread "Notification Thread"        daemon [_thread_blocked, id=2256, stack(0x000000ee83300000,0x000000ee83400000) (1024K)]
  0x00000282ff4f1b50 JavaThread "Common-Cleaner"             daemon [_thread_blocked, id=13476, stack(0x000000ee83400000,0x000000ee83500000) (1024K)]
  0x00000282d689b980 JavaThread "pool-1-thread-1"                   [_thread_blocked, id=15316, stack(0x000000ee83800000,0x000000ee83900000) (1024K)]
Total: 12

Other Threads:
  0x00000282ff1fe550 VMThread "VM Thread"                           [id=9636, stack(0x000000ee82a00000,0x000000ee82b00000) (1024K)]
  0x00000282ff1fcc30 WatcherThread "VM Periodic Task Thread"        [id=14068, stack(0x000000ee82900000,0x000000ee82a00000) (1024K)]
  0x00000282f685e670 WorkerThread "GC Thread#0"                     [id=1676, stack(0x000000ee82400000,0x000000ee82500000) (1024K)]
  0x00000282ff6f4360 WorkerThread "GC Thread#1"                     [id=13024, stack(0x000000ee83500000,0x000000ee83600000) (1024K)]
  0x00000282ff6e0040 WorkerThread "GC Thread#2"                     [id=13360, stack(0x000000ee83600000,0x000000ee83700000) (1024K)]
  0x00000282ff6e03e0 WorkerThread "GC Thread#3"                     [id=15192, stack(0x000000ee83700000,0x000000ee83800000) (1024K)]
  0x00000282f6860660 ConcurrentGCThread "G1 Main Marker"            [id=13344, stack(0x000000ee82500000,0x000000ee82600000) (1024K)]
  0x00000282f6861310 WorkerThread "G1 Conc#0"                       [id=14156, stack(0x000000ee82600000,0x000000ee82700000) (1024K)]
  0x00000282f68badf0 ConcurrentGCThread "G1 Refine#0"               [id=14688, stack(0x000000ee82700000,0x000000ee82800000) (1024K)]
  0x00000282f68bb960 ConcurrentGCThread "G1 Service"                [id=11272, stack(0x000000ee82800000,0x000000ee82900000) (1024K)]
Total: 10

Threads with active compile tasks:
C2 CompilerThread0   411494 2419       4       org.gradle.internal.logging.console.BuildStatusRenderer::onOutput (350 bytes)
Total: 1

VM state: not at safepoint (normal execution)

VM Mutex/Monitor currently owned by a thread: None

Heap address: 0x00000000fc000000, size: 64 MB, Compressed Oops mode: 32-bit

CDS archive(s) mapped at: [0x0000028291000000-0x0000028291c90000-0x0000028291c90000), size 13172736, SharedBaseAddress: 0x0000028291000000, ArchiveRelocationMode: 1.
Compressed class space mapped at: 0x0000028292000000-0x00000282d2000000, reserved size: 1073741824
Narrow klass base: 0x0000028291000000, Narrow klass shift: 0, Narrow klass range: 0x100000000

GC Precious Log:
 CardTable entry size: 512
 Card Set container configuration: InlinePtr #cards 5 size 8 Array Of Cards #cards 12 size 40 Howl #buckets 4 coarsen threshold 1843 Howl Bitmap #cards 512 size 80 coarsen threshold 460 Card regions per heap region 1 cards per card region 2048
 CPUs: 4 total, 4 available
 Memory: 8138M
 Large Page Support: Disabled
 NUMA Support: Disabled
 Compressed Oops: Enabled (32-bit)
 Heap Region Size: 1M
 Heap Min Capacity: 64M
 Heap Initial Capacity: 64M
 Heap Max Capacity: 64M
 Pre-touch: Disabled
 Parallel Workers: 4
 Concurrent Workers: 1
 Concurrent Refinement Workers: 4
 Periodic GC: Disabled

Heap:
 garbage-first heap   total 65536K, used 39984K [0x00000000fc000000, 0x0000000100000000)
  region size 1024K, 33 young (33792K), 4 survivors (4096K)
 Metaspace       used 11281K, committed 11584K, reserved 1114112K
  class space    used 1407K, committed 1536K, reserved 1048576K

Heap Regions: E=young(eden), S=young(survivor), O=old, HS=humongous(starts), HC=humongous(continues), CS=collection set, F=free, TAMS=top-at-mark-start, PB=parsable bottom
|   0|0x00000000fc000000, 0x00000000fc100000, 0x00000000fc100000|100%|HS|  |TAMS 0x00000000fc000000| PB 0x00000000fc000000| Complete 
|   1|0x00000000fc100000, 0x00000000fc200000, 0x00000000fc200000|100%|HC|  |TAMS 0x00000000fc100000| PB 0x00000000fc100000| Complete 
|   2|0x00000000fc200000, 0x00000000fc300000, 0x00000000fc300000|100%|HC|  |TAMS 0x00000000fc200000| PB 0x00000000fc200000| Complete 
|   3|0x00000000fc300000, 0x00000000fc400000, 0x00000000fc400000|100%|HC|  |TAMS 0x00000000fc300000| PB 0x00000000fc300000| Complete 
|   4|0x00000000fc400000, 0x00000000fc500000, 0x00000000fc500000|100%| O|  |TAMS 0x00000000fc400000| PB 0x00000000fc400000| Untracked 
|   5|0x00000000fc500000, 0x00000000fc600000, 0x00000000fc600000|100%| O|  |TAMS 0x00000000fc500000| PB 0x00000000fc500000| Untracked 
|   6|0x00000000fc600000, 0x00000000fc700000, 0x00000000fc700000|100%| O|  |TAMS 0x00000000fc600000| PB 0x00000000fc600000| Untracked 
|   7|0x00000000fc700000, 0x00000000fc70c180, 0x00000000fc800000|  4%| O|  |TAMS 0x00000000fc700000| PB 0x00000000fc700000| Untracked 
|   8|0x00000000fc800000, 0x00000000fc800000, 0x00000000fc900000|  0%| F|  |TAMS 0x00000000fc800000| PB 0x00000000fc800000| Untracked 
|   9|0x00000000fc900000, 0x00000000fc900000, 0x00000000fca00000|  0%| F|  |TAMS 0x00000000fc900000| PB 0x00000000fc900000| Untracked 
|  10|0x00000000fca00000, 0x00000000fca00000, 0x00000000fcb00000|  0%| F|  |TAMS 0x00000000fca00000| PB 0x00000000fca00000| Untracked 
|  11|0x00000000fcb00000, 0x00000000fcb00000, 0x00000000fcc00000|  0%| F|  |TAMS 0x00000000fcb00000| PB 0x00000000fcb00000| Untracked 
|  12|0x00000000fcc00000, 0x00000000fcc00000, 0x00000000fcd00000|  0%| F|  |TAMS 0x00000000fcc00000| PB 0x00000000fcc00000| Untracked 
|  13|0x00000000fcd00000, 0x00000000fcd00000, 0x00000000fce00000|  0%| F|  |TAMS 0x00000000fcd00000| PB 0x00000000fcd00000| Untracked 
|  14|0x00000000fce00000, 0x00000000fce00000, 0x00000000fcf00000|  0%| F|  |TAMS 0x00000000fce00000| PB 0x00000000fce00000| Untracked 
|  15|0x00000000fcf00000, 0x00000000fcf00000, 0x00000000fd000000|  0%| F|  |TAMS 0x00000000fcf00000| PB 0x00000000fcf00000| Untracked 
|  16|0x00000000fd000000, 0x00000000fd000000, 0x00000000fd100000|  0%| F|  |TAMS 0x00000000fd000000| PB 0x00000000fd000000| Untracked 
|  17|0x00000000fd100000, 0x00000000fd100000, 0x00000000fd200000|  0%| F|  |TAMS 0x00000000fd100000| PB 0x00000000fd100000| Untracked 
|  18|0x00000000fd200000, 0x00000000fd200000, 0x00000000fd300000|  0%| F|  |TAMS 0x00000000fd200000| PB 0x00000000fd200000| Untracked 
|  19|0x00000000fd300000, 0x00000000fd300000, 0x00000000fd400000|  0%| F|  |TAMS 0x00000000fd300000| PB 0x00000000fd300000| Untracked 
|  20|0x00000000fd400000, 0x00000000fd400000, 0x00000000fd500000|  0%| F|  |TAMS 0x00000000fd400000| PB 0x00000000fd400000| Untracked 
|  21|0x00000000fd500000, 0x00000000fd500000, 0x00000000fd600000|  0%| F|  |TAMS 0x00000000fd500000| PB 0x00000000fd500000| Untracked 
|  22|0x00000000fd600000, 0x00000000fd600000, 0x00000000fd700000|  0%| F|  |TAMS 0x00000000fd600000| PB 0x00000000fd600000| Untracked 
|  23|0x00000000fd700000, 0x00000000fd700000, 0x00000000fd800000|  0%| F|  |TAMS 0x00000000fd700000| PB 0x00000000fd700000| Untracked 
|  24|0x00000000fd800000, 0x00000000fd800000, 0x00000000fd900000|  0%| F|  |TAMS 0x00000000fd800000| PB 0x00000000fd800000| Untracked 
|  25|0x00000000fd900000, 0x00000000fd900000, 0x00000000fda00000|  0%| F|  |TAMS 0x00000000fd900000| PB 0x00000000fd900000| Untracked 
|  26|0x00000000fda00000, 0x00000000fda00000, 0x00000000fdb00000|  0%| F|  |TAMS 0x00000000fda00000| PB 0x00000000fda00000| Untracked 
|  27|0x00000000fdb00000, 0x00000000fdb00000, 0x00000000fdc00000|  0%| F|  |TAMS 0x00000000fdb00000| PB 0x00000000fdb00000| Untracked 
|  28|0x00000000fdc00000, 0x00000000fdc00000, 0x00000000fdd00000|  0%| F|  |TAMS 0x00000000fdc00000| PB 0x00000000fdc00000| Untracked 
|  29|0x00000000fdd00000, 0x00000000fdd00000, 0x00000000fde00000|  0%| F|  |TAMS 0x00000000fdd00000| PB 0x00000000fdd00000| Untracked 
|  30|0x00000000fde00000, 0x00000000fde00000, 0x00000000fdf00000|  0%| F|  |TAMS 0x00000000fde00000| PB 0x00000000fde00000| Untracked 
|  31|0x00000000fdf00000, 0x00000000fdfa9838, 0x00000000fe000000| 66%| E|  |TAMS 0x00000000fdf00000| PB 0x00000000fdf00000| Complete 
|  32|0x00000000fe000000, 0x00000000fe100000, 0x00000000fe100000|100%| E|CS|TAMS 0x00000000fe000000| PB 0x00000000fe000000| Complete 
|  33|0x00000000fe100000, 0x00000000fe200000, 0x00000000fe200000|100%| E|CS|TAMS 0x00000000fe100000| PB 0x00000000fe100000| Complete 
|  34|0x00000000fe200000, 0x00000000fe300000, 0x00000000fe300000|100%| S|CS|TAMS 0x00000000fe200000| PB 0x00000000fe200000| Complete 
|  35|0x00000000fe300000, 0x00000000fe400000, 0x00000000fe400000|100%| S|CS|TAMS 0x00000000fe300000| PB 0x00000000fe300000| Complete 
|  36|0x00000000fe400000, 0x00000000fe500000, 0x00000000fe500000|100%| S|CS|TAMS 0x00000000fe400000| PB 0x00000000fe400000| Complete 
|  37|0x00000000fe500000, 0x00000000fe600000, 0x00000000fe600000|100%| S|CS|TAMS 0x00000000fe500000| PB 0x00000000fe500000| Complete 
|  38|0x00000000fe600000, 0x00000000fe700000, 0x00000000fe700000|100%| E|CS|TAMS 0x00000000fe600000| PB 0x00000000fe600000| Complete 
|  39|0x00000000fe700000, 0x00000000fe800000, 0x00000000fe800000|100%| E|CS|TAMS 0x00000000fe700000| PB 0x00000000fe700000| Complete 
|  40|0x00000000fe800000, 0x00000000fe900000, 0x00000000fe900000|100%| E|CS|TAMS 0x00000000fe800000| PB 0x00000000fe800000| Complete 
|  41|0x00000000fe900000, 0x00000000fea00000, 0x00000000fea00000|100%| E|CS|TAMS 0x00000000fe900000| PB 0x00000000fe900000| Complete 
|  42|0x00000000fea00000, 0x00000000feb00000, 0x00000000feb00000|100%| E|CS|TAMS 0x00000000fea00000| PB 0x00000000fea00000| Complete 
|  43|0x00000000feb00000, 0x00000000fec00000, 0x00000000fec00000|100%| E|CS|TAMS 0x00000000feb00000| PB 0x00000000feb00000| Complete 
|  44|0x00000000fec00000, 0x00000000fed00000, 0x00000000fed00000|100%| E|CS|TAMS 0x00000000fec00000| PB 0x00000000fec00000| Complete 
|  45|0x00000000fed00000, 0x00000000fee00000, 0x00000000fee00000|100%| E|CS|TAMS 0x00000000fed00000| PB 0x00000000fed00000| Complete 
|  46|0x00000000fee00000, 0x00000000fef00000, 0x00000000fef00000|100%| E|CS|TAMS 0x00000000fee00000| PB 0x00000000fee00000| Complete 
|  47|0x00000000fef00000, 0x00000000ff000000, 0x00000000ff000000|100%| E|CS|TAMS 0x00000000fef00000| PB 0x00000000fef00000| Complete 
|  48|0x00000000ff000000, 0x00000000ff100000, 0x00000000ff100000|100%| E|CS|TAMS 0x00000000ff000000| PB 0x00000000ff000000| Complete 
|  49|0x00000000ff100000, 0x00000000ff200000, 0x00000000ff200000|100%| E|CS|TAMS 0x00000000ff100000| PB 0x00000000ff100000| Complete 
|  50|0x00000000ff200000, 0x00000000ff300000, 0x00000000ff300000|100%| E|CS|TAMS 0x00000000ff200000| PB 0x00000000ff200000| Complete 
|  51|0x00000000ff300000, 0x00000000ff400000, 0x00000000ff400000|100%| E|CS|TAMS 0x00000000ff300000| PB 0x00000000ff300000| Complete 
|  52|0x00000000ff400000, 0x00000000ff500000, 0x00000000ff500000|100%| E|CS|TAMS 0x00000000ff400000| PB 0x00000000ff400000| Complete 
|  53|0x00000000ff500000, 0x00000000ff600000, 0x00000000ff600000|100%| E|CS|TAMS 0x00000000ff500000| PB 0x00000000ff500000| Complete 
|  54|0x00000000ff600000, 0x00000000ff700000, 0x00000000ff700000|100%| E|CS|TAMS 0x00000000ff600000| PB 0x00000000ff600000| Complete 
|  55|0x00000000ff700000, 0x00000000ff800000, 0x00000000ff800000|100%| E|CS|TAMS 0x00000000ff700000| PB 0x00000000ff700000| Complete 
|  56|0x00000000ff800000, 0x00000000ff900000, 0x00000000ff900000|100%| E|CS|TAMS 0x00000000ff800000| PB 0x00000000ff800000| Complete 
|  57|0x00000000ff900000, 0x00000000ffa00000, 0x00000000ffa00000|100%| E|CS|TAMS 0x00000000ff900000| PB 0x00000000ff900000| Complete 
|  58|0x00000000ffa00000, 0x00000000ffb00000, 0x00000000ffb00000|100%| E|CS|TAMS 0x00000000ffa00000| PB 0x00000000ffa00000| Complete 
|  59|0x00000000ffb00000, 0x00000000ffc00000, 0x00000000ffc00000|100%| E|CS|TAMS 0x00000000ffb00000| PB 0x00000000ffb00000| Complete 
|  60|0x00000000ffc00000, 0x00000000ffd00000, 0x00000000ffd00000|100%| E|CS|TAMS 0x00000000ffc00000| PB 0x00000000ffc00000| Complete 
|  61|0x00000000ffd00000, 0x00000000ffe00000, 0x00000000ffe00000|100%| E|CS|TAMS 0x00000000ffd00000| PB 0x00000000ffd00000| Complete 
|  62|0x00000000ffe00000, 0x00000000fff00000, 0x00000000fff00000|100%| E|CS|TAMS 0x00000000ffe00000| PB 0x00000000ffe00000| Complete 
|  63|0x00000000fff00000, 0x0000000100000000, 0x0000000100000000|100%| E|CS|TAMS 0x00000000fff00000| PB 0x00000000fff00000| Complete 

Card table byte_map: [0x00000282f6670000,0x00000282f6690000] _byte_map_base: 0x00000282f5e90000

Marking Bits: (CMBitMap*) 0x00000282f685f580
 Bits: [0x00000282f6690000, 0x00000282f6790000)

Polling page: 0x00000282f4760000

Metaspace:

Usage:
  Non-class:      9.64 MB used.
      Class:      1.37 MB used.
       Both:     11.02 MB used.

Virtual space:
  Non-class space:       64.00 MB reserved,       9.81 MB ( 15%) committed,  1 nodes.
      Class space:        1.00 GB reserved,       1.50 MB ( <1%) committed,  1 nodes.
             Both:        1.06 GB reserved,      11.31 MB (  1%) committed. 

Chunk freelists:
   Non-Class:  5.64 MB
       Class:  14.45 MB
        Both:  20.09 MB

MaxMetaspaceSize: unlimited
CompressedClassSpaceSize: 1.00 GB
Initial GC threshold: 21.00 MB
Current GC threshold: 21.00 MB
CDS: on
 - commit_granule_bytes: 65536.
 - commit_granule_words: 8192.
 - virtual_space_node_default_size: 8388608.
 - enlarge_chunks_in_place: 1.
 - use_allocation_guard: 0.


Internal statistics:

num_allocs_failed_limit: 0.
num_arena_births: 250.
num_arena_deaths: 0.
num_vsnodes_births: 2.
num_vsnodes_deaths: 0.
num_space_committed: 181.
num_space_uncommitted: 0.
num_chunks_returned_to_freelist: 0.
num_chunks_taken_from_freelist: 574.
num_chunk_merges: 0.
num_chunk_splits: 377.
num_chunks_enlarged: 277.
num_inconsistent_stats: 0.

CodeHeap 'non-profiled nmethods': size=120000Kb used=959Kb max_used=959Kb free=119040Kb
 bounds [0x0000028287ad0000, 0x0000028287d40000, 0x000002828f000000]
CodeHeap 'profiled nmethods': size=120000Kb used=4779Kb max_used=4779Kb free=115220Kb
 bounds [0x0000028280000000, 0x00000282804b0000, 0x0000028287530000]
CodeHeap 'non-nmethods': size=5760Kb used=1429Kb max_used=1453Kb free=4330Kb
 bounds [0x0000028287530000, 0x00000282877a0000, 0x0000028287ad0000]
 total_blobs=2937 nmethods=2418 adapters=423
 compilation: enabled
              stopped_count=0, restarted_count=0
 full_count=0

Compilation events (20 events):
Event: 369.957 Thread 0x00000282ff24a100 nmethod 2409 0x00000282804a8d10 code [0x00000282804a8f00, 0x00000282804a9458]
Event: 369.957 Thread 0x00000282ff24a100 2410       3       com.google.common.collect.Lists$ReverseList::<init> (16 bytes)
Event: 369.957 Thread 0x00000282ff24a100 nmethod 2410 0x00000282804a9610 code [0x00000282804a97e0, 0x00000282804a9cd8]
Event: 369.957 Thread 0x00000282ff24a100 2411       3       com.google.common.collect.Lists$ReverseList::iterator (5 bytes)
Event: 369.957 Thread 0x00000282ff24a100 nmethod 2411 0x00000282804a9e90 code [0x00000282804aa040, 0x00000282804aa2e8]
Event: 369.957 Thread 0x00000282ff24a100 2412       3       com.google.common.collect.Lists$ReverseList::reversePosition (15 bytes)
Event: 369.957 Thread 0x00000282ff24a100 nmethod 2412 0x00000282804aa410 code [0x00000282804aa5e0, 0x00000282804aa948]
Event: 369.957 Thread 0x00000282ff24a100 2413       3       com.google.common.collect.Lists$ReverseList::size (10 bytes)
Event: 369.957 Thread 0x00000282ff24a100 nmethod 2413 0x00000282804aaa90 code [0x00000282804aac40, 0x00000282804aae18]
Event: 390.641 Thread 0x00000282ff221650 2414       4       java.util.ArrayList::clear (43 bytes)
Event: 390.644 Thread 0x00000282ff221650 nmethod 2414 0x0000028287bbe310 code [0x0000028287bbe4a0, 0x0000028287bbe618]
Event: 405.944 Thread 0x00000282ff221650 2415 %     4       java.lang.StringCoding::implEncodeAsciiArray @ 3 (47 bytes)
Event: 405.949 Thread 0x00000282ff221650 nmethod 2415% 0x0000028287bbe710 code [0x0000028287bbe8a0, 0x0000028287bbecc8]
Event: 410.236 Thread 0x00000282ff221650 2416       4       java.util.ArrayList::fastRemove (44 bytes)
Event: 410.237 Thread 0x00000282ff221650 nmethod 2416 0x0000028287bbee90 code [0x0000028287bbf020, 0x0000028287bbf210]
Event: 410.345 Thread 0x00000282ff221650 2417       4       java.util.ArrayList::remove (26 bytes)
Event: 410.347 Thread 0x00000282ff221650 nmethod 2417 0x0000028287bbf310 code [0x0000028287bbf4a0, 0x0000028287bbf710]
Event: 411.437 Thread 0x00000282ff221650 2418       4       org.gradle.internal.logging.console.AbstractUserInputRenderer::onOutput (111 bytes)
Event: 411.438 Thread 0x00000282ff221650 nmethod 2418 0x0000028287bbf910 code [0x0000028287bbfae0, 0x0000028287bbfcf8]
Event: 411.438 Thread 0x00000282ff221650 2419       4       org.gradle.internal.logging.console.BuildStatusRenderer::onOutput (350 bytes)

GC Heap History (4 events):
Event: 0.540 GC heap before
{Heap before GC invocations=0 (full 0):
 garbage-first heap   total 65536K, used 13312K [0x00000000fc000000, 0x0000000100000000)
  region size 1024K, 13 young (13312K), 0 survivors (0K)
 Metaspace       used 1534K, committed 1728K, reserved 1114112K
  class space    used 143K, committed 256K, reserved 1048576K
}
Event: 0.550 GC heap after
{Heap after GC invocations=1 (full 0):
 garbage-first heap   total 65536K, used 1408K [0x00000000fc000000, 0x0000000100000000)
  region size 1024K, 2 young (2048K), 2 survivors (2048K)
 Metaspace       used 1534K, committed 1728K, reserved 1114112K
  class space    used 143K, committed 256K, reserved 1048576K
}
Event: 1.497 GC heap before
{Heap before GC invocations=1 (full 0):
 garbage-first heap   total 65536K, used 29056K [0x00000000fc000000, 0x0000000100000000)
  region size 1024K, 26 young (26624K), 2 survivors (2048K)
 Metaspace       used 4933K, committed 5184K, reserved 1114112K
  class space    used 643K, committed 768K, reserved 1048576K
}
Event: 1.501 GC heap after
{Heap after GC invocations=2 (full 0):
 garbage-first heap   total 65536K, used 11312K [0x00000000fc000000, 0x0000000100000000)
  region size 1024K, 4 young (4096K), 4 survivors (4096K)
 Metaspace       used 4933K, committed 5184K, reserved 1114112K
  class space    used 643K, committed 768K, reserved 1048576K
}

Dll operation events (13 events):
Event: 0.006 Loaded shared library C:\Program Files\Java\jdk-21\bin\java.dll
Event: 0.038 Loaded shared library C:\Program Files\Java\jdk-21\bin\jsvml.dll
Event: 0.060 Loaded shared library C:\Program Files\Java\jdk-21\bin\net.dll
Event: 0.064 Loaded shared library C:\Program Files\Java\jdk-21\bin\nio.dll
Event: 0.069 Loaded shared library C:\Program Files\Java\jdk-21\bin\zip.dll
Event: 0.074 Loaded shared library C:\Program Files\Java\jdk-21\bin\verify.dll
Event: 0.660 Loaded shared library C:\Program Files\Java\jdk-21\bin\jimage.dll
Event: 1.362 Loaded shared library C:\Users\Isaac\.gradle\native\c067742578af261105cb4f569cf0c3c89f3d7b1fecec35dd04571415982c5e48\windows-amd64\native-platform.dll
Event: 1.387 Loaded shared library C:\Users\Isaac\.gradle\native\jansi\1.18\windows64\jansi.dll
Event: 1.686 Loaded shared library C:\Program Files\Java\jdk-21\bin\management.dll
Event: 1.691 Loaded shared library C:\Program Files\Java\jdk-21\bin\management_ext.dll
Event: 1.911 Loaded shared library C:\Program Files\Java\jdk-21\bin\extnet.dll
Event: 5.803 Loaded shared library C:\Program Files\Java\jdk-21\bin\sunmscapi.dll

Deoptimization events (20 events):
Event: 5.707 Thread 0x00000282f47a7d90 Uncommon trap: trap_request=0xffffffc6 fr.pc=0x0000028287b7c544 relative=0x0000000000002144
Event: 5.707 Thread 0x00000282f47a7d90 Uncommon trap: reason=bimorphic_or_optimized_type_check action=maybe_recompile pc=0x0000028287b7c544 method=java.io.DataInputStream.readFully([BII)V @ 30 c2
Event: 5.707 Thread 0x00000282f47a7d90 DEOPT PACKING pc=0x0000028287b7c544 sp=0x000000ee823fde20
Event: 5.707 Thread 0x00000282f47a7d90 DEOPT UNPACKING pc=0x00000282875846a2 sp=0x000000ee823fdd88 mode 2
Event: 5.773 Thread 0x00000282f47a7d90 Uncommon trap: trap_request=0xffffffde fr.pc=0x0000028287b36034 relative=0x00000000000008f4
Event: 5.773 Thread 0x00000282f47a7d90 Uncommon trap: reason=class_check action=maybe_recompile pc=0x0000028287b36034 method=java.util.HashMap.putVal(ILjava/lang/Object;Ljava/lang/Object;ZZ)Ljava/lang/Object; @ 203 c2
Event: 5.773 Thread 0x00000282f47a7d90 DEOPT PACKING pc=0x0000028287b36034 sp=0x000000ee823fb610
Event: 5.774 Thread 0x00000282f47a7d90 DEOPT UNPACKING pc=0x00000282875846a2 sp=0x000000ee823fb538 mode 2
Event: 5.775 Thread 0x00000282f47a7d90 Uncommon trap: trap_request=0xffffffde fr.pc=0x0000028287b36034 relative=0x00000000000008f4
Event: 5.775 Thread 0x00000282f47a7d90 Uncommon trap: reason=class_check action=maybe_recompile pc=0x0000028287b36034 method=java.util.HashMap.putVal(ILjava/lang/Object;Ljava/lang/Object;ZZ)Ljava/lang/Object; @ 203 c2
Event: 5.775 Thread 0x00000282f47a7d90 DEOPT PACKING pc=0x0000028287b36034 sp=0x000000ee823fb610
Event: 5.775 Thread 0x00000282f47a7d90 DEOPT UNPACKING pc=0x00000282875846a2 sp=0x000000ee823fb538 mode 2
Event: 5.776 Thread 0x00000282f47a7d90 Uncommon trap: trap_request=0xffffffde fr.pc=0x0000028287b69984 relative=0x0000000000000844
Event: 5.776 Thread 0x00000282f47a7d90 Uncommon trap: reason=class_check action=maybe_recompile pc=0x0000028287b69984 method=java.util.HashMap.putVal(ILjava/lang/Object;Ljava/lang/Object;ZZ)Ljava/lang/Object; @ 203 c2
Event: 5.776 Thread 0x00000282f47a7d90 DEOPT PACKING pc=0x0000028287b69984 sp=0x000000ee823fb580
Event: 5.776 Thread 0x00000282f47a7d90 DEOPT UNPACKING pc=0x00000282875846a2 sp=0x000000ee823fb540 mode 2
Event: 332.543 Thread 0x00000282d689b980 Uncommon trap: trap_request=0xffffff45 fr.pc=0x0000028287bb8904 relative=0x00000000000006e4
Event: 332.543 Thread 0x00000282d689b980 Uncommon trap: reason=unstable_if action=reinterpret pc=0x0000028287bb8904 method=org.gradle.internal.logging.sink.GroupingProgressLogEventGenerator$OperationGroup.maybeFlushOutput(J)V @ 19 c2
Event: 332.543 Thread 0x00000282d689b980 DEOPT PACKING pc=0x0000028287bb8904 sp=0x000000ee838fe910
Event: 332.543 Thread 0x00000282d689b980 DEOPT UNPACKING pc=0x00000282875846a2 sp=0x000000ee838fe850 mode 2

Classes loaded (20 events):
Event: 5.828 Loading class sun/nio/ch/SinkChannelImpl
Event: 5.828 Loading class java/nio/channels/Pipe$SinkChannel
Event: 5.828 Loading class java/nio/channels/Pipe$SinkChannel done
Event: 5.828 Loading class sun/nio/ch/SinkChannelImpl done
Event: 5.830 Loading class sun/nio/ch/SelectionKeyImpl
Event: 5.830 Loading class java/nio/channels/spi/AbstractSelectionKey
Event: 5.830 Loading class java/nio/channels/SelectionKey
Event: 5.830 Loading class java/nio/channels/SelectionKey done
Event: 5.830 Loading class java/nio/channels/spi/AbstractSelectionKey done
Event: 5.830 Loading class sun/nio/ch/SelectionKeyImpl done
Event: 5.830 Loading class java/lang/invoke/ConstantBootstraps
Event: 5.830 Loading class java/lang/invoke/ConstantBootstraps done
Event: 5.849 Loading class java/nio/channels/spi/AbstractSelector$1
Event: 5.849 Loading class java/nio/channels/spi/AbstractSelector$1 done
Event: 5.904 Loading class java/util/concurrent/Executors$AutoShutdownDelegatedExecutorService
Event: 5.904 Loading class java/util/concurrent/Executors$AutoShutdownDelegatedExecutorService done
Event: 5.905 Loading class java/io/BufferedReader
Event: 5.905 Loading class java/io/BufferedReader done
Event: 16.502 Loading class java/lang/invoke/MethodHandle$1
Event: 16.503 Loading class java/lang/invoke/MethodHandle$1 done

Classes unloaded (0 events):
No events

Classes redefined (0 events):
No events

Internal exceptions (20 events):
Event: 1.518 Thread 0x00000282f47a7d90 Exception <a 'java/lang/NoSuchMethodError'{0x00000000fff3a100}: 'java.lang.Object java.lang.invoke.DirectMethodHandle$Holder.newInvokeSpecial(java.lang.Object, java.lang.Object, java.lang.Object, java.lang.Object, java.lang.Object)'> (0x00000000fff3a100) 
thrown [s\open\src\hotspot\share\interpreter\linkResolver.cpp, line 773]
Event: 1.537 Thread 0x00000282f47a7d90 Exception <a 'java/lang/NoSuchMethodError'{0x00000000fffcb008}: 'java.lang.Object java.lang.invoke.Invokers$Holder.invokeExact_MT(java.lang.Object, java.lang.Object, java.lang.Object, java.lang.Object, java.lang.Object)'> (0x00000000fffcb008) 
thrown [s\open\src\hotspot\share\interpreter\linkResolver.cpp, line 773]
Event: 1.544 Thread 0x00000282f47a7d90 Exception <a 'java/lang/NoSuchMethodError'{0x00000000ffff7428}: 'java.lang.Object java.lang.invoke.DirectMethodHandle$Holder.invokeVirtual(java.lang.Object, java.lang.Object, java.lang.Object, java.lang.Object, java.lang.Object, java.lang.Object, java.lang.Object)'> (0x00000000ffff7428) 
thrown [s\open\src\hotspot\share\interpreter\linkResolver.cpp, line 773]
Event: 1.552 Thread 0x00000282f47a7d90 Exception <a 'java/lang/NoSuchMethodError'{0x00000000ffe399b8}: 'java.lang.Object java.lang.invoke.DirectMethodHandle$Holder.invokeVirtual(java.lang.Object, java.lang.Object, java.lang.Object, java.lang.Object)'> (0x00000000ffe399b8) 
thrown [s\open\src\hotspot\share\interpreter\linkResolver.cpp, line 773]
Event: 1.574 Thread 0x00000282f47a7d90 Exception <a 'java/lang/NoSuchMethodError'{0x00000000ffd95678}: 'java.lang.Object java.lang.invoke.DirectMethodHandle$Holder.invokeVirtual(java.lang.Object, java.lang.Object, java.lang.Object, java.lang.Object, java.lang.Object, java.lang.Object)'> (0x00000000ffd95678) 
thrown [s\open\src\hotspot\share\interpreter\linkResolver.cpp, line 773]
Event: 1.626 Thread 0x00000282f47a7d90 Implicit null exception at 0x0000028287b45b3a to 0x0000028287b45d98
Event: 1.626 Thread 0x00000282f47a7d90 Implicit null exception at 0x0000028287b0323d to 0x0000028287b032c1
Event: 1.719 Thread 0x00000282f47a7d90 Exception <a 'java/lang/NoSuchMethodError'{0x00000000ffaa3e68}: 'int java.lang.invoke.DirectMethodHandle$Holder.invokeVirtual(java.lang.Object, java.lang.Object, java.lang.Object)'> (0x00000000ffaa3e68) 
thrown [s\open\src\hotspot\share\interpreter\linkResolver.cpp, line 773]
Event: 1.759 Thread 0x00000282f47a7d90 Exception <a 'java/lang/NoSuchMethodError'{0x00000000ff817bd0}: 'java.lang.Object java.lang.invoke.DirectMethodHandle$Holder.invokeVirtual(java.lang.Object, java.lang.Object, java.lang.Object, java.lang.Object, java.lang.Object)'> (0x00000000ff817bd0) 
thrown [s\open\src\hotspot\share\interpreter\linkResolver.cpp, line 773]
Event: 1.761 Thread 0x00000282f47a7d90 Exception <a 'java/lang/NoSuchMethodError'{0x00000000ff82a810}: 'java.lang.Object java.lang.invoke.Invokers$Holder.invokeExact_MT(java.lang.Object, java.lang.Object, java.lang.Object, java.lang.Object, java.lang.Object, java.lang.Object)'> (0x00000000ff82a810) 
thrown [s\open\src\hotspot\share\interpreter\linkResolver.cpp, line 773]
Event: 1.777 Thread 0x00000282f47a7d90 Exception <a 'java/lang/NoSuchMethodError'{0x00000000ff8d2550}: 'java.lang.Object java.lang.invoke.DirectMethodHandle$Holder.invokeSpecialIFC(java.lang.Object, java.lang.Object, java.lang.Object, java.lang.Object)'> (0x00000000ff8d2550) 
thrown [s\open\src\hotspot\share\interpreter\linkResolver.cpp, line 773]
Event: 1.778 Thread 0x00000282f47a7d90 Exception <a 'java/lang/NoSuchMethodError'{0x00000000ff8db700}: 'java.lang.Object java.lang.invoke.DirectMethodHandle$Holder.invokeVirtual(java.lang.Object, java.lang.Object, java.lang.Object, java.lang.Object, java.lang.Object, java.lang.Object, java.lang.Object, java.lang.Object)'> (0x00000000ff8db700) 
thrown [s\open\src\hotspot\share\interpreter\linkResolver.cpp, line 773]
Event: 1.859 Thread 0x00000282f47a7d90 Exception <a 'java/lang/NoSuchMethodError'{0x00000000ff5b81a8}: 'java.lang.Object java.lang.invoke.DirectMethodHandle$Holder.invokeStaticInit(java.lang.Object, int, int, int, int)'> (0x00000000ff5b81a8) 
thrown [s\open\src\hotspot\share\interpreter\linkResolver.cpp, line 773]
Event: 1.884 Thread 0x00000282f47a7d90 Exception <a 'java/lang/NoSuchMethodError'{0x00000000ff405738}: 'java.lang.Object java.lang.invoke.DirectMethodHandle$Holder.invokeStaticInit(java.lang.Object, java.lang.Object, int, int, int, int)'> (0x00000000ff405738) 
thrown [s\open\src\hotspot\share\interpreter\linkResolver.cpp, line 773]
Event: 1.914 Thread 0x00000282f47a7d90 Exception <a 'java/lang/NoSuchMethodError'{0x00000000ff42f8e8}: 'void java.lang.invoke.DirectMethodHandle$Holder.invokeStatic(java.lang.Object, java.lang.Object, java.lang.Object)'> (0x00000000ff42f8e8) 
thrown [s\open\src\hotspot\share\interpreter\linkResolver.cpp, line 773]
Event: 2.045 Thread 0x00000282f47a7d90 Exception <a 'java/lang/NoSuchMethodError'{0x00000000ff11eed8}: 'void java.lang.invoke.DirectMethodHandle$Holder.invokeInterface(java.lang.Object, java.lang.Object, java.lang.Object)'> (0x00000000ff11eed8) 
thrown [s\open\src\hotspot\share\interpreter\linkResolver.cpp, line 773]
Event: 2.350 Thread 0x00000282d6ccfe10 Exception <a 'java/lang/NoSuchMethodError'{0x00000000fec78b68}: 'void java.lang.invoke.DirectMethodHandle$Holder.invokeStatic(java.lang.Object, long)'> (0x00000000fec78b68) 
thrown [s\open\src\hotspot\share\interpreter\linkResolver.cpp, line 773]
Event: 2.350 Thread 0x00000282d6ccfe10 Exception <a 'java/lang/NoSuchMethodError'{0x00000000fec7dd80}: 'java.lang.Object java.lang.invoke.DirectMethodHandle$Holder.newInvokeSpecial(java.lang.Object, long)'> (0x00000000fec7dd80) 
thrown [s\open\src\hotspot\share\interpreter\linkResolver.cpp, line 773]
Event: 2.352 Thread 0x00000282d6ccfe10 Exception <a 'java/lang/NoSuchMethodError'{0x00000000fec84a90}: 'java.lang.Object java.lang.invoke.DirectMethodHandle$Holder.invokeStatic(java.lang.Object, long, java.lang.Object)'> (0x00000000fec84a90) 
thrown [s\open\src\hotspot\share\interpreter\linkResolver.cpp, line 773]
Event: 2.353 Thread 0x00000282d6ccfe10 Exception <a 'java/lang/NoSuchMethodError'{0x00000000fec88228}: 'java.lang.Object java.lang.invoke.DirectMethodHandle$Holder.invokeStaticInit(java.lang.Object, long, java.lang.Object)'> (0x00000000fec88228) 
thrown [s\open\src\hotspot\share\interpreter\linkResolver.cpp, line 773]

ZGC Phase Switch (0 events):
No events

VM Operations (20 events):
Event: 263.931 Executing VM operation: Cleanup
Event: 263.931 Executing VM operation: Cleanup done
Event: 267.976 Executing VM operation: Cleanup
Event: 267.976 Executing VM operation: Cleanup done
Event: 307.270 Executing VM operation: Cleanup
Event: 307.270 Executing VM operation: Cleanup done
Event: 333.520 Executing VM operation: Cleanup
Event: 333.520 Executing VM operation: Cleanup done
Event: 335.545 Executing VM operation: Cleanup
Event: 335.545 Executing VM operation: Cleanup done
Event: 360.688 Executing VM operation: HandshakeAllThreads (HandshakeForDeflation)
Event: 360.688 Executing VM operation: HandshakeAllThreads (HandshakeForDeflation) done
Event: 360.688 Executing VM operation: RendezvousGCThreads
Event: 360.688 Executing VM operation: RendezvousGCThreads done
Event: 371.756 Executing VM operation: Cleanup
Event: 371.756 Executing VM operation: Cleanup done
Event: 390.922 Executing VM operation: Cleanup
Event: 390.922 Executing VM operation: Cleanup done
Event: 411.064 Executing VM operation: Cleanup
Event: 411.064 Executing VM operation: Cleanup done

Events (18 events):
Event: 0.022 Thread 0x00000282f47a7d90 Thread added: 0x00000282f47a7d90
Event: 0.036 Thread 0x00000282ff211450 Thread added: 0x00000282ff211450
Event: 0.036 Thread 0x00000282ff212360 Thread added: 0x00000282ff212360
Event: 0.036 Thread 0x00000282ff2153b0 Thread added: 0x00000282ff2153b0
Event: 0.036 Thread 0x00000282ff217f10 Thread added: 0x00000282ff217f10
Event: 0.036 Thread 0x00000282ff218960 Thread added: 0x00000282ff218960
Event: 0.036 Thread 0x00000282ff2193b0 Thread added: 0x00000282ff2193b0
Event: 0.036 Thread 0x00000282ff221650 Thread added: 0x00000282ff221650
Event: 0.036 Thread 0x00000282ff24a100 Thread added: 0x00000282ff24a100
Event: 0.053 Thread 0x00000282ff4ed4e0 Thread added: 0x00000282ff4ed4e0
Event: 0.055 Thread 0x00000282ff4f1b50 Thread added: 0x00000282ff4f1b50
Event: 1.437 Thread 0x00000282d689b980 Thread added: 0x00000282d689b980
Event: 2.341 Thread 0x00000282d6ccfe10 Thread added: 0x00000282d6ccfe10
Event: 2.360 Thread 0x00000282d6f577f0 Thread added: 0x00000282d6f577f0
Event: 2.361 Thread 0x00000282d6f57e50 Thread added: 0x00000282d6f57e50
Event: 2.366 Thread 0x00000282d6f577f0 Thread exited: 0x00000282d6f577f0
Event: 5.706 Thread 0x00000282d6f57e50 Thread exited: 0x00000282d6f57e50
Event: 5.706 Thread 0x00000282d6ccfe10 Thread exited: 0x00000282d6ccfe10


Dynamic libraries:
0x00007ff7bd250000 - 0x00007ff7bd260000 	C:\Program Files\Java\jdk-21\bin\java.exe
0x00007ff988db0000 - 0x00007ff988fa5000 	C:\Windows\SYSTEM32\ntdll.dll
0x00007ff986ee0000 - 0x00007ff986f9e000 	C:\Windows\System32\KERNEL32.DLL
0x00007ff986820000 - 0x00007ff986ae9000 	C:\Windows\System32\KERNELBASE.dll
0x00007ff986b20000 - 0x00007ff986c20000 	C:\Windows\System32\ucrtbase.dll
0x00007ff982d80000 - 0x00007ff982d9b000 	C:\Program Files\Java\jdk-21\bin\VCRUNTIME140.dll
0x00007ff9826c0000 - 0x00007ff9826d9000 	C:\Program Files\Java\jdk-21\bin\jli.dll
0x00007ff988af0000 - 0x00007ff988b9c000 	C:\Windows\System32\ADVAPI32.dll
0x00007ff988ba0000 - 0x00007ff988c3e000 	C:\Windows\System32\msvcrt.dll
0x00007ff987180000 - 0x00007ff98721b000 	C:\Windows\System32\sechost.dll
0x00007ff988990000 - 0x00007ff988aba000 	C:\Windows\System32\RPCRT4.dll
0x00007ff987320000 - 0x00007ff9874c1000 	C:\Windows\System32\USER32.dll
0x00007ff986af0000 - 0x00007ff986b12000 	C:\Windows\System32\win32u.dll
0x00007ff972db0000 - 0x00007ff97304a000 	C:\Windows\WinSxS\amd64_microsoft.windows.common-controls_6595b64144ccf1df_6.0.19041.1110_none_60b5254171f9507e\COMCTL32.dll
0x00007ff9878c0000 - 0x00007ff9878eb000 	C:\Windows\System32\GDI32.dll
0x00007ff986680000 - 0x00007ff98678b000 	C:\Windows\System32\gdi32full.dll
0x00007ff9864d0000 - 0x00007ff98656d000 	C:\Windows\System32\msvcp_win.dll
0x00007ff97fdd0000 - 0x00007ff97fdda000 	C:\Windows\SYSTEM32\VERSION.dll
0x00007ff988ac0000 - 0x00007ff988af0000 	C:\Windows\System32\IMM32.DLL
0x00007ff982d60000 - 0x00007ff982d6c000 	C:\Program Files\Java\jdk-21\bin\vcruntime140_1.dll
0x00007ff960860000 - 0x00007ff9608ee000 	C:\Program Files\Java\jdk-21\bin\msvcp140.dll
0x00007ff943310000 - 0x00007ff944028000 	C:\Program Files\Java\jdk-21\bin\server\jvm.dll
0x00007ff987850000 - 0x00007ff9878bb000 	C:\Windows\System32\WS2_32.dll
0x00007ff985a90000 - 0x00007ff985adb000 	C:\Windows\SYSTEM32\POWRPROF.dll
0x00007ff97ce80000 - 0x00007ff97cea7000 	C:\Windows\SYSTEM32\WINMM.dll
0x00007ff985900000 - 0x00007ff985912000 	C:\Windows\SYSTEM32\UMPDC.dll
0x00007ff984da0000 - 0x00007ff984db2000 	C:\Windows\SYSTEM32\kernel.appcore.dll
0x00007ff9825b0000 - 0x00007ff9825ba000 	C:\Program Files\Java\jdk-21\bin\jimage.dll
0x00007ff984150000 - 0x00007ff984334000 	C:\Windows\SYSTEM32\DBGHELP.DLL
0x00007ff975920000 - 0x00007ff97594c000 	C:\Windows\SYSTEM32\dbgcore.DLL
0x00007ff986790000 - 0x00007ff986813000 	C:\Windows\System32\bcryptPrimitives.dll
0x00007ff982500000 - 0x00007ff98251f000 	C:\Program Files\Java\jdk-21\bin\java.dll
0x00007ff987a10000 - 0x00007ff98814f000 	C:\Windows\System32\SHELL32.dll
0x00007ff9845c0000 - 0x00007ff984d50000 	C:\Windows\SYSTEM32\windows.storage.dll
0x00007ff9874d0000 - 0x00007ff987825000 	C:\Windows\System32\combase.dll
0x00007ff985f20000 - 0x00007ff985f4c000 	C:\Windows\SYSTEM32\Wldp.dll
0x00007ff9883d0000 - 0x00007ff98847d000 	C:\Windows\System32\SHCORE.dll
0x00007ff987220000 - 0x00007ff987275000 	C:\Windows\System32\shlwapi.dll
0x00007ff986410000 - 0x00007ff98642f000 	C:\Windows\SYSTEM32\profapi.dll
0x00007ff9444d0000 - 0x00007ff9445a7000 	C:\Program Files\Java\jdk-21\bin\jsvml.dll
0x00007ff9825a0000 - 0x00007ff9825b0000 	C:\Program Files\Java\jdk-21\bin\net.dll
0x00007ff97dd50000 - 0x00007ff97de58000 	C:\Windows\SYSTEM32\WINHTTP.dll
0x00007ff985c80000 - 0x00007ff985cea000 	C:\Windows\system32\mswsock.dll
0x00007ff9824c0000 - 0x00007ff9824d6000 	C:\Program Files\Java\jdk-21\bin\nio.dll
0x00007ff982440000 - 0x00007ff982458000 	C:\Program Files\Java\jdk-21\bin\zip.dll
0x00007ff981700000 - 0x00007ff981710000 	C:\Program Files\Java\jdk-21\bin\verify.dll
0x00007ff9609a0000 - 0x00007ff9609c7000 	C:\Users\Isaac\.gradle\native\c067742578af261105cb4f569cf0c3c89f3d7b1fecec35dd04571415982c5e48\windows-amd64\native-platform.dll
0x00007ff963730000 - 0x00007ff96373a000 	C:\Users\Isaac\.gradle\native\jansi\1.18\windows64\jansi.dll
0x00007ff963d20000 - 0x00007ff963d2a000 	C:\Program Files\Java\jdk-21\bin\management.dll
0x00007ff963720000 - 0x00007ff96372b000 	C:\Program Files\Java\jdk-21\bin\management_ext.dll
0x00007ff987830000 - 0x00007ff987838000 	C:\Windows\System32\PSAPI.DLL
0x00007ff985e70000 - 0x00007ff985e88000 	C:\Windows\SYSTEM32\CRYPTSP.dll
0x00007ff985590000 - 0x00007ff9855c4000 	C:\Windows\system32\rsaenh.dll
0x00007ff986c20000 - 0x00007ff986c47000 	C:\Windows\System32\bcrypt.dll
0x00007ff986390000 - 0x00007ff9863be000 	C:\Windows\SYSTEM32\USERENV.dll
0x00007ff985e90000 - 0x00007ff985e9c000 	C:\Windows\SYSTEM32\CRYPTBASE.dll
0x00007ff985920000 - 0x00007ff98595b000 	C:\Windows\SYSTEM32\IPHLPAPI.DLL
0x00007ff987840000 - 0x00007ff987848000 	C:\Windows\System32\NSI.dll
0x00007ff963d30000 - 0x00007ff963d39000 	C:\Program Files\Java\jdk-21\bin\extnet.dll
0x00007ff9816f0000 - 0x00007ff9816fe000 	C:\Program Files\Java\jdk-21\bin\sunmscapi.dll
0x00007ff986c50000 - 0x00007ff986da6000 	C:\Windows\System32\CRYPT32.dll
0x00007ff985f90000 - 0x00007ff985fb7000 	C:\Windows\SYSTEM32\ncrypt.dll
0x00007ff985f50000 - 0x00007ff985f8b000 	C:\Windows\SYSTEM32\NTASN1.dll
0x00007ff977870000 - 0x00007ff977877000 	C:\Windows\system32\wshunix.dll

dbghelp: loaded successfully - version: 4.0.5 - missing functions: none
symbol engine: initialized successfully - sym options: 0x614 - pdb path: .;C:\Program Files\Java\jdk-21\bin;C:\Windows\SYSTEM32;C:\Windows\WinSxS\amd64_microsoft.windows.common-controls_6595b64144ccf1df_6.0.19041.1110_none_60b5254171f9507e;C:\Program Files\Java\jdk-21\bin\server;C:\Users\Isaac\.gradle\native\c067742578af261105cb4f569cf0c3c89f3d7b1fecec35dd04571415982c5e48\windows-amd64;C:\Users\Isaac\.gradle\native\jansi\1.18\windows64

VM Arguments:
jvm_args: -Xmx64m -Xms64m -Dorg.gradle.appname=gradlew 
java_command: org.gradle.wrapper.GradleWrapperMain bootRun
java_class_path (initial): C:\Users\Isaac\IdeaProjects\MicroService\products\\gradle\wrapper\gradle-wrapper.jar
Launcher Type: SUN_STANDARD

[Global flags]
     intx CICompilerCount                          = 3                                         {product} {ergonomic}
     uint ConcGCThreads                            = 1                                         {product} {ergonomic}
     uint G1ConcRefinementThreads                  = 4                                         {product} {ergonomic}
   size_t G1HeapRegionSize                         = 1048576                                   {product} {ergonomic}
    uintx GCDrainStackTargetSize                   = 64                                        {product} {ergonomic}
   size_t InitialHeapSize                          = 67108864                                  {product} {command line}
   size_t MarkStackSize                            = 4194304                                   {product} {ergonomic}
   size_t MaxHeapSize                              = 67108864                                  {product} {command line}
   size_t MaxNewSize                               = 39845888                                  {product} {ergonomic}
   size_t MinHeapDeltaBytes                        = 1048576                                   {product} {ergonomic}
   size_t MinHeapSize                              = 67108864                                  {product} {command line}
    uintx NonNMethodCodeHeapSize                   = 5832780                                {pd product} {ergonomic}
    uintx NonProfiledCodeHeapSize                  = 122912730                              {pd product} {ergonomic}
    uintx ProfiledCodeHeapSize                     = 122912730                              {pd product} {ergonomic}
    uintx ReservedCodeCacheSize                    = 251658240                              {pd product} {ergonomic}
     bool SegmentedCodeCache                       = true                                      {product} {ergonomic}
   size_t SoftMaxHeapSize                          = 67108864                               {manageable} {ergonomic}
     bool UseCompressedOops                        = true                           {product lp64_product} {ergonomic}
     bool UseG1GC                                  = true                                      {product} {ergonomic}
     bool UseLargePagesIndividualAllocation        = false                                  {pd product} {ergonomic}

Logging:
Log output configuration:
 #0: stdout all=warning uptime,level,tags foldmultilines=false
 #1: stderr all=off uptime,level,tags foldmultilines=false

Environment Variables:
CLASSPATH=C:\Users\Isaac\IdeaProjects\MicroService\products\\gradle\wrapper\gradle-wrapper.jar
PATH=C:\Program Files\Common Files\Oracle\Java\javapath;C:\Windows\system32;C:\Windows;C:\Windows\System32\Wbem;C:\Windows\System32\WindowsPowerShell\v1.0\;C:\Windows\System32\OpenSSH\;C:\Program Files\NVIDIA Corporation\NVIDIA NvDLISR;C:\Program Files (x86)\NVIDIA Corporation\PhysX\Common;C:\Program Files\dotnet\;C:\Users\Isaac\AppData\Local\Microsoft\WindowsApps;C:\adb;C:\Program Files\Git\cmd;C:\Program Files\nodejs\;C:\ProgramData\chocolatey\bin;C:\Users\Isaac\.console-ninja\.bin;C:\Users\Isaac\AppData\Local\Programs\Microsoft\jdk-17.0.13.11-hotspot\bin;C:\Users\Isaac\AppData\Local\Programs\Python\Python312\Scripts\;C:\Users\Isaac\AppData\Local\Programs\Python\Python312\;C:\Users\Isaac\AppData\Local\Programs\Python\Launcher\;C:\Users\Isaac\AppData\Local\Microsoft\WindowsApps;C:\Users\Isaac\AppData\Local\JetBrains\Toolbox\scripts;C:\Users\Isaac\AppData\Local\Programs\Microsoft VS Code\bin;C:\Users\Isaac\AppData\Local\GitHubDesktop\bin;C:\Users\Isaac\AppData\Roaming\npm;C:\Users\Isaac\AppData\Local\Programs\Python\Python312\Scripts;C:\Users\Isaac\AppData\Local\Programs\Python\Python312;
USERNAME=Isaac
OS=Windows_NT
PROCESSOR_IDENTIFIER=AMD64 Family 23 Model 24 Stepping 1, AuthenticAMD
TMP=C:\Users\Isaac\AppData\Local\Temp
TEMP=C:\Users\Isaac\AppData\Local\Temp




Periodic native trim disabled

---------------  S Y S T E M  ---------------

OS:
 Windows 10 , 64 bit Build 19041 (10.0.19041.1202)
OS uptime: 0 days 11:14 hours

CPU: total 4 (initial active 4) (4 cores per cpu, 1 threads per core) family 23 model 24 stepping 1 microcode 0x0, cx8, cmov, fxsr, mmx, 3dnowpref, sse, sse2, sse3, ssse3, sse4a, sse4.1, sse4.2, popcnt, lzcnt, tsc, tscinvbit, avx, avx2, aes, clmul, bmi1, bmi2, adx, sha, fma, vzeroupper, clflush, clflushopt, rdtscp, f16c
Processor Information for all 4 processors :
  Max Mhz: 3800, Current Mhz: 3800, Mhz Limit: 3800

Memory: 4k page, system-wide physical 8138M (278M free)
TotalPageFile size 16330M (AvailPageFile size 4M)
current process WorkingSet (physical memory assigned to process): 106M, peak: 106M
current process commit charge ("private bytes"): 164M, peak: 167M

vm_info: Java HotSpot(TM) 64-Bit Server VM (21.0.5+9-LTS-239) for windows-amd64 JRE (21.0.5+9-LTS-239), built on 2024-09-30T05:17:38Z by "mach5one" with MS VC++ 17.6 (VS2022)

END.
