#
# There is insufficient memory for the Java Runtime Environment to continue.
# Native memory allocation (mmap) failed to map 2097152 bytes for G1 virtual space
# Possible reasons:
#   The system is out of physical RAM or swap space
#   The process is running with CompressedOops enabled, and the Java Heap may be blocking the growth of the native heap
# Possible solutions:
#   Reduce memory load on the system
#   Increase physical memory or swap space
#   Check if swap backing store is full
#   Decrease Java heap size (-Xmx/-Xms)
#   Decrease number of Java threads
#   Decrease Java thread stack sizes (-Xss)
#   Set larger code cache with -XX:ReservedCodeCacheSize=
#   JVM is running with Unscaled Compressed Oops mode in which the Java heap is
#     placed in the first 4GB address space. The Java Heap base address is the
#     maximum limit for the native heap growth. Please use -XX:HeapBaseMinAddress
#     to set the Java Heap base and to place the Java Heap above 4GB virtual address.
# This output file may be truncated or incomplete.
#
#  Out of Memory Error (os_windows.cpp:3600), pid=15176, tid=11276
#
# JRE version:  (21.0.5+9) (build )
# Java VM: Java HotSpot(TM) 64-Bit Server VM (21.0.5+9-LTS-239, mixed mode, sharing, tiered, compressed oops, compressed class ptrs, g1 gc, windows-amd64)
# No core dump will be written. Minidumps are not enabled by default on client versions of Windows
#

---------------  S U M M A R Y ------------

Command Line: 

Host: AMD Ryzen 3 3200G with Radeon Vega Graphics    , 4 cores, 7G,  Windows 10 , 64 bit Build 19041 (10.0.19041.1202)
Time: Wed Nov 27 14:01:45 2024 Hora est. Pacífico, Sudamérica elapsed time: 0.012008 seconds (0d 0h 0m 0s)

---------------  T H R E A D  ---------------

Current thread (0x00000121814a6f80):  JavaThread "Unknown thread" [_thread_in_vm, id=11276, stack(0x0000000b8ae00000,0x0000000b8af00000) (1024K)]

Stack: [0x0000000b8ae00000,0x0000000b8af00000]
Native frames: (J=compiled Java code, j=interpreted, Vv=VM code, C=native code)
V  [jvm.dll+0x6ca289]
V  [jvm.dll+0x854a51]
V  [jvm.dll+0x856f7e]
V  [jvm.dll+0x857653]
V  [jvm.dll+0x27dd26]
V  [jvm.dll+0x6c6a25]
V  [jvm.dll+0x6bb5aa]
V  [jvm.dll+0x35359a]
V  [jvm.dll+0x35b1f6]
V  [jvm.dll+0x3adaf3]
V  [jvm.dll+0x3add88]
V  [jvm.dll+0x3278fc]
V  [jvm.dll+0x32845b]
V  [jvm.dll+0x81de19]
V  [jvm.dll+0x3ba7c1]
V  [jvm.dll+0x807168]
V  [jvm.dll+0x44f96e]
V  [jvm.dll+0x451561]
C  [jli.dll+0x52a3]
C  [ucrtbase.dll+0x21bb2]
C  [KERNEL32.DLL+0x17034]
C  [ntdll.dll+0x52651]


---------------  P R O C E S S  ---------------

Threads class SMR info:
_java_thread_list=0x00007ffc0cb9ac08, length=0, elements={
}

Java Threads: ( => current thread )
Total: 0

Other Threads:
  0x00000121816c8790 WorkerThread "GC Thread#0"                     [id=1668, stack(0x0000000b8af00000,0x0000000b8b000000) (1024K)]
  0x00000121816db2d0 ConcurrentGCThread "G1 Main Marker"            [id=8228, stack(0x0000000b8b000000,0x0000000b8b100000) (1024K)]
  0x00000121816dc480 WorkerThread "G1 Conc#0"                       [id=5516, stack(0x0000000b8b100000,0x0000000b8b200000) (1024K)]

[error occurred during error reporting (printing all threads), id 0xc0000005, EXCEPTION_ACCESS_VIOLATION (0xc0000005) at pc=0x00007ffc0c30a087]
VM state: not at safepoint (not fully initialized)

VM Mutex/Monitor currently owned by a thread:  ([mutex/lock_event])
[0x00007ffc0cc0bf98] Heap_lock - owner thread: 0x00000121814a6f80

Heap address: 0x0000000080c00000, size: 2036 MB, Compressed Oops mode: 32-bit

CDS archive(s) mapped at: [0x0000000000000000-0x0000000000000000-0x0000000000000000), size 0, SharedBaseAddress: 0x0000000800000000, ArchiveRelocationMode: 1.
Narrow klass base: 0x0000000000000000, Narrow klass shift: 0, Narrow klass range: 0x0

GC Precious Log:
 CardTable entry size: 512
 Card Set container configuration: InlinePtr #cards 5 size 8 Array Of Cards #cards 12 size 40 Howl #buckets 4 coarsen threshold 1843 Howl Bitmap #cards 512 size 80 coarsen threshold 460 Card regions per heap region 1 cards per card region 2048

Heap:
 garbage-first heap   total 0K, used 0K [0x0000000080c00000, 0x0000000100000000)
  region size 1024K, 0 young (0K), 0 survivors (0K)

[error occurred during error reporting (printing heap information), id 0xc0000005, EXCEPTION_ACCESS_VIOLATION (0xc0000005) at pc=0x00007ffc0c6f3259]
GC Heap History (0 events):
No events

Dll operation events (1 events):
Event: 0.008 Loaded shared library C:\Program Files\Java\jdk-21\bin\java.dll

Deoptimization events (0 events):
No events

Classes loaded (0 events):
No events

Classes unloaded (0 events):
No events

Classes redefined (0 events):
No events

Internal exceptions (0 events):
No events

ZGC Phase Switch (0 events):
No events

VM Operations (0 events):
No events

Events (0 events):
No events


Dynamic libraries:
0x00007ff6b7f10000 - 0x00007ff6b7f20000 	C:\Program Files\Java\jdk-21\bin\java.exe
0x00007ffc6db30000 - 0x00007ffc6dd25000 	C:\Windows\SYSTEM32\ntdll.dll
0x00007ffc6c1e0000 - 0x00007ffc6c29e000 	C:\Windows\System32\KERNEL32.DLL
0x00007ffc6b8b0000 - 0x00007ffc6bb79000 	C:\Windows\System32\KERNELBASE.dll
0x00007ffc6b250000 - 0x00007ffc6b350000 	C:\Windows\System32\ucrtbase.dll
0x00007ffc57840000 - 0x00007ffc57859000 	C:\Program Files\Java\jdk-21\bin\jli.dll
0x00007ffc56170000 - 0x00007ffc5618b000 	C:\Program Files\Java\jdk-21\bin\VCRUNTIME140.dll
0x00007ffc6c0d0000 - 0x00007ffc6c17c000 	C:\Windows\System32\ADVAPI32.dll
0x00007ffc6bb80000 - 0x00007ffc6bc1e000 	C:\Windows\System32\msvcrt.dll
0x00007ffc6c620000 - 0x00007ffc6c6bb000 	C:\Windows\System32\sechost.dll
0x00007ffc6c480000 - 0x00007ffc6c5aa000 	C:\Windows\System32\RPCRT4.dll
0x00007ffc6c930000 - 0x00007ffc6cad1000 	C:\Windows\System32\USER32.dll
0x00007ffc57990000 - 0x00007ffc57c2a000 	C:\Windows\WinSxS\amd64_microsoft.windows.common-controls_6595b64144ccf1df_6.0.19041.1110_none_60b5254171f9507e\COMCTL32.dll
0x00007ffc6b3b0000 - 0x00007ffc6b3d2000 	C:\Windows\System32\win32u.dll
0x00007ffc6c900000 - 0x00007ffc6c92b000 	C:\Windows\System32\GDI32.dll
0x00007ffc6b770000 - 0x00007ffc6b87b000 	C:\Windows\System32\gdi32full.dll
0x00007ffc6b6d0000 - 0x00007ffc6b76d000 	C:\Windows\System32\msvcp_win.dll
0x00007ffc644c0000 - 0x00007ffc644ca000 	C:\Windows\SYSTEM32\VERSION.dll
0x00007ffc6d380000 - 0x00007ffc6d3b0000 	C:\Windows\System32\IMM32.DLL
0x00007ffc67bb0000 - 0x00007ffc67bbc000 	C:\Program Files\Java\jdk-21\bin\vcruntime140_1.dll
0x00007ffc44820000 - 0x00007ffc448ae000 	C:\Program Files\Java\jdk-21\bin\msvcp140.dll
0x00007ffc0bfd0000 - 0x00007ffc0cce8000 	C:\Program Files\Java\jdk-21\bin\server\jvm.dll
0x00007ffc6c2c0000 - 0x00007ffc6c32b000 	C:\Windows\System32\WS2_32.dll
0x00007ffc6a810000 - 0x00007ffc6a85b000 	C:\Windows\SYSTEM32\POWRPROF.dll
0x00007ffc5f740000 - 0x00007ffc5f767000 	C:\Windows\SYSTEM32\WINMM.dll
0x00007ffc6a680000 - 0x00007ffc6a692000 	C:\Windows\SYSTEM32\UMPDC.dll
0x00007ffc69b20000 - 0x00007ffc69b32000 	C:\Windows\SYSTEM32\kernel.appcore.dll
0x00007ffc666a0000 - 0x00007ffc666aa000 	C:\Program Files\Java\jdk-21\bin\jimage.dll
0x00007ffc68ed0000 - 0x00007ffc690b4000 	C:\Windows\SYSTEM32\DBGHELP.DLL
0x00007ffc51960000 - 0x00007ffc5198c000 	C:\Windows\SYSTEM32\dbgcore.DLL
0x00007ffc6b640000 - 0x00007ffc6b6c3000 	C:\Windows\System32\bcryptPrimitives.dll
0x00007ffc56150000 - 0x00007ffc5616f000 	C:\Program Files\Java\jdk-21\bin\java.dll

dbghelp: loaded successfully - version: 4.0.5 - missing functions: none
symbol engine: initialized successfully - sym options: 0x614 - pdb path: .;C:\Program Files\Java\jdk-21\bin;C:\Windows\SYSTEM32;C:\Windows\WinSxS\amd64_microsoft.windows.common-controls_6595b64144ccf1df_6.0.19041.1110_none_60b5254171f9507e;C:\Program Files\Java\jdk-21\bin\server

VM Arguments:
java_command: <unknown>
java_class_path (initial): <not set>
Launcher Type: SUN_STANDARD

[Global flags]
     intx CICompilerCount                          = 3                                         {product} {ergonomic}
     uint ConcGCThreads                            = 1                                         {product} {ergonomic}
     uint G1ConcRefinementThreads                  = 4                                         {product} {ergonomic}
   size_t G1HeapRegionSize                         = 1048576                                   {product} {ergonomic}
    uintx GCDrainStackTargetSize                   = 64                                        {product} {ergonomic}
   size_t InitialHeapSize                          = 134217728                                 {product} {ergonomic}
   size_t MarkStackSize                            = 4194304                                   {product} {ergonomic}
   size_t MaxHeapSize                              = 2134900736                                {product} {ergonomic}
   size_t MinHeapDeltaBytes                        = 1048576                                   {product} {ergonomic}
   size_t MinHeapSize                              = 8388608                                   {product} {ergonomic}
    uintx NonNMethodCodeHeapSize                   = 5832780                                {pd product} {ergonomic}
    uintx NonProfiledCodeHeapSize                  = 122912730                              {pd product} {ergonomic}
    uintx ProfiledCodeHeapSize                     = 122912730                              {pd product} {ergonomic}
    uintx ReservedCodeCacheSize                    = 251658240                              {pd product} {ergonomic}
     bool SegmentedCodeCache                       = true                                      {product} {ergonomic}
   size_t SoftMaxHeapSize                          = 2134900736                             {manageable} {ergonomic}
     bool UseCompressedOops                        = true                           {product lp64_product} {ergonomic}
     bool UseG1GC                                  = true                                      {product} {ergonomic}
     bool UseLargePagesIndividualAllocation        = false                                  {pd product} {ergonomic}

Logging:
Log output configuration:
 #0: stdout all=warning uptime,level,tags foldmultilines=false
 #1: stderr all=off uptime,level,tags foldmultilines=false

Environment Variables:
PATH=C:\Program Files\Common Files\Oracle\Java\javapath;C:\Windows\system32;C:\Windows;C:\Windows\System32\Wbem;C:\Windows\System32\WindowsPowerShell\v1.0\;C:\Windows\System32\OpenSSH\;C:\Program Files\NVIDIA Corporation\NVIDIA NvDLISR;C:\Program Files (x86)\NVIDIA Corporation\PhysX\Common;C:\Program Files\dotnet\;C:\Users\Isaac\AppData\Local\Microsoft\WindowsApps;C:\adb;C:\Program Files\Git\cmd;C:\Program Files\nodejs\;C:\ProgramData\chocolatey\bin;C:\Users\Isaac\.console-ninja\.bin;C:\Users\Isaac\AppData\Local\Programs\Microsoft\jdk-17.0.13.11-hotspot\bin;C:\Users\Isaac\AppData\Local\Programs\Python\Python312\Scripts\;C:\Users\Isaac\AppData\Local\Programs\Python\Python312\;C:\Users\Isaac\AppData\Local\Programs\Python\Launcher\;C:\Users\Isaac\AppData\Local\Microsoft\WindowsApps;C:\Users\Isaac\AppData\Local\JetBrains\Toolbox\scripts;C:\Users\Isaac\AppData\Local\Programs\Microsoft VS Code\bin;C:\Users\Isaac\AppData\Local\GitHubDesktop\bin;C:\Users\Isaac\AppData\Roaming\npm;C:\Users\Isaac\AppData\Local\Programs\Python\Python312\Scripts;C:\Users\Isaac\AppData\Local\Programs\Python\Python312;;C:\Program Files\JetBrains\WebStorm 2024.3\bin;
USERNAME=Isaac
OS=Windows_NT
PROCESSOR_IDENTIFIER=AMD64 Family 23 Model 24 Stepping 1, AuthenticAMD
TMP=C:\Users\Isaac\AppData\Local\Temp
TEMP=C:\Users\Isaac\AppData\Local\Temp




Periodic native trim disabled

---------------  S Y S T E M  ---------------

OS:
 Windows 10 , 64 bit Build 19041 (10.0.19041.1202)
OS uptime: 1 days 3:20 hours

CPU: total 4 (initial active 4) (4 cores per cpu, 1 threads per core) family 23 model 24 stepping 1 microcode 0x0, cx8, cmov, fxsr, mmx, 3dnowpref, sse, sse2, sse3, ssse3, sse4a, sse4.1, sse4.2, popcnt, lzcnt, tsc, tscinvbit, avx, avx2, aes, clmul, bmi1, bmi2, adx, sha, fma, vzeroupper, clflush, clflushopt, rdtscp, f16c
Processor Information for all 4 processors :
  Max Mhz: 3800, Current Mhz: 3800, Mhz Limit: 3800

Memory: 4k page, system-wide physical 8138M (235M free)
TotalPageFile size 16330M (AvailPageFile size 5M)
current process WorkingSet (physical memory assigned to process): 10M, peak: 10M
current process commit charge ("private bytes"): 180M, peak: 182M

vm_info: Java HotSpot(TM) 64-Bit Server VM (21.0.5+9-LTS-239) for windows-amd64 JRE (21.0.5+9-LTS-239), built on 2024-09-30T05:17:38Z by "mach5one" with MS VC++ 17.6 (VS2022)

END.
